INT PASSED
INT64 PASSED
UINT64 PASSED
BOOL PASSED
DOUBLE PASSED
STRING PASSED
PARSE AND SET PASSED
PASSED
